I'm sorry, but errors were detected in your script. Please correct the
errors listed below, and try again.


File "game/script_lesson_four.rpy", line 59: Line is indented, but the preceding show screen statement statement does not expect a block. Please check this line's indentation. You may have forgotten a colon (:).
    jump lessonFourFillOne
    ^

Ren'Py Version: Ren'Py 8.1.3.23091805
Fri Feb  2 02:59:51 2024
